RAM Allocation [bytes]
Variable                                                                          Address   Size
------------------------------------------------------------------------------------------------
voltage                                                                           0x0200       4
temp                                                                              0x0204       4
buff                                                                              0x0208      20
buff1                                                                             0x021C      20
_seed                                                                             0x0230       4

EEPROM Allocation [bytes]
Variable                                                                          Address   Size
------------------------------------------------------------------------------------------------

Register Allocation
Variable                                                                          Register  Size
------------------------------------------------------------------------------------------------
ADC                                                                               R4,R5        2

FLASH Allocation [words]
Function                                                                          Address   Size
------------------------------------------------------------------------------------------------
main                                                                              0x00080    134
putchar                                                                           0x00106      7
put_usart_G100                                                                    0x0010D     13
_print_G100                                                                       0x0011A    308
printf                                                                            0x0024E     37
ftoa                                                                              0x00273    201
strcpyf                                                                           0x0033C     13
strlen                                                                            0x00349     12
strlenf                                                                           0x00355     13
ftrunc                                                                            0x00362     49
floor                                                                             0x00393     23
